// Jest Snapshot v1, https://goo.gl/fbAQLP

exports[`<UserSelection /> Snapshots should match snapshot 1`] = `
<div>
  <div
    class="sc-bdVaJa UoSJW"
  >
    <input
      class="sc-bwzfXH jmWvNq"
      readonly=""
      value="🍕"
    />
  </div>
</div>
`;
