// Jest Snapshot v1, https://goo.gl/fbAQLP

exports[`<Button /> Snapshots should match snapshot 1`] = `
<div>
  <button
    class="sc-bdVaJa anggu"
  >
    Click me
  </button>
</div>
`;
