// Jest Snapshot v1, https://goo.gl/fbAQLP

exports[`<EmojiSelector /> Snapshots should match snapshot 1`] = `
<div>
  <button
    class="sc-bdVaJa evWdMy"
    title="Pizza"
  >
    <span
      aria-label="Pizza"
      role="img"
    >
      üçï
    </span>
  </button>
</div>
`;
