// Jest Snapshot v1, https://goo.gl/fbAQLP

exports[`<Notification /> Snapshots should match snapshot 1`] = `<div />`;
