// Jest Snapshot v1, https://goo.gl/fbAQLP

exports[`<Link /> Snapshots should match snapshot 1`] = `
<div>
  <div
    class="sc-bdVaJa cMaSZ"
  >
    <label
      class="sc-bwzfXH eNMlqq"
      for="link"
    >
      Share link:
    </label>
    <input
      class="sc-htpNat cSFsNV"
      name="link"
      readonly=""
      value="mockedLink"
    />
    <span
      aria-label="copy to clipboard"
      class="copy-button sc-bxivhb giyyTQ"
      role="img"
    >
      ðŸ“‹
    </span>
  </div>
</div>
`;
