// Jest Snapshot v1, https://goo.gl/fbAQLP

exports[`<CompareModal /> Snapshots should match snapshot 1`] = `
<div>
  <details-dialog>
    <h1
      class="sc-bwzfXH dBuFgv"
    >
      Vote count
    </h1>
    <h2
      class="sc-htpNat hHkOTC"
    >
      It seems like nobody has picked any food yet ! 
      <span
        aria-label=""
        role="img"
      >
        ü§∑‚Äç‚ôÇ
      </span>
      Ô∏è
    </h2>
    <button
      class="sc-bdVaJa iTZKRQ"
    >
      Close
    </button>
  </details-dialog>
</div>
`;
