// Jest Snapshot v1, https://goo.gl/fbAQLP

exports[`<EmojiSelector /> Snapshots should match snapshot 1`] = `
<div>
  <button
    class="sc-bdVaJa dAgwcY"
  >
    <span
      role="img"
    />
  </button>
</div>
`;
